Test: 4.887580871582031e-05 seconds
